<html>
<body>
<pre>
<h1>µVision Build Log</h1>
<h2>Project:</h2>
\\VBOXSVR\intro_to_embedded_systems\lab-10-cplusplus-lab10-shawheen-and-jussi\Lab10_C++.uvproj
Project File Date:  04/26/2018

<h2>Output:</h2>
Rebuild target 'Lab 10'
assembling startup_TM4C123.s...
compiling main.cpp...
compiling DAC.cpp...
compiling PLL.cpp...
compiling random.cpp...
compiling ST7735.cpp...
compiling SlidePot.cpp...
compiling Sound.cpp...
compiling Timer0.cpp...
compiling Timer1.cpp...
compiling UART.cpp...
compiling FIFO.cpp...
linking...
Program Size: Code=10008 RO-data=167384 RW-data=116 ZI-data=2692  
".\Lab10_C++.axf" - 0 Error(s), 0 Warning(s).
